// Jest Snapshot v1, https://goo.gl/fbAQLP

exports[`VoucherViewLayer should render correct structure 1`] = `
<DocumentFragment>
  <div>
    <div
      class="paneset  "
    >
      <section
        class="pane focusIndicator"
        id="pane-voucher"
      >
        <div
          aria-labelledby="paneHeaderpane-voucher-pane-title"
          class="paneHeader"
          data-test-pane-header="true"
          id="paneHeaderpane-voucher"
          role="region"
          tabindex="-1"
        >
          <div
            class="paneHeaderButtonsArea first"
          >
            <div
              class="paneMenu"
            >
              <button
                aria-label="stripes-components.closeItem"
                class="iconButton medium paneHeaderCloseIcon PaneHeaderIconButton paneHeaderIconButton"
                data-test-pane-header-dismiss-button="true"
                icon="times"
                type="button"
              >
                <span
                  class="iconButtonInner mediumOffset PaneHeaderIconButton__inner"
                  data-test-pane-header-dismiss-button="true"
                >
                  <span>
                    Icon
                  </span>
                </span>
              </button>
            </div>
          </div>
          <div
            class="paneHeaderCenter"
          >
            <div
              class="paneHeaderCenterInner"
              id="paneHeaderpane-voucher-pane-title"
            >
              <h2
                class="paneTitle"
                data-test-pane-header-title="true"
              >
                <div
                  class="appIcon small icon-alignment-center"
                >
                  <span
                    aria-hidden="true"
                    class="icon"
                  />
                </div>
                <span
                  class="paneTitleLabel"
                >
                  ui-invoice.voucher.paneTitle
                </span>
              </h2>
              <p
                class="paneSub"
                data-test-pane-header-sub="true"
                id="paneHeaderpane-voucher-subtitle"
              >
                <span>
                  ui-invoice.voucher.paneSubTitle
                </span>
              </p>
            </div>
          </div>
          <div
            class="paneHeaderButtonsArea last"
          >
            <div
              class="paneMenu"
            >
              <div
                class="dropdown"
                data-pane-header-actions-dropdown="true"
              >
                <button
                  aria-expanded="false"
                  aria-haspopup="true"
                  class="button primary marginBottom0 actionMenuToggle"
                  data-test-pane-header-actions-button="true"
                  type="button"
                >
                  <span
                    class="inner"
                  >
                    <span>
                      Icon
                    </span>
                  </span>
                </button>
                <div
                  style="display: none;"
                >
                  <div
                    class="DropdownMenu"
                    style="left: 0px; display: block;"
                  >
                    <section
                      aria-labelledby="voucher-actions-label"
                      class="menuSection"
                      data-test-menu-section="true"
                      id="voucher-actions"
                    >
                      <a
                        class="button dropdownItem"
                        data-test-edit-voucher-button="true"
                        href="/invoice/view/id/voucher/voucherId/edit?search"
                        role="button"
                      >
                        <span>
                          Icon
                        </span>
                      </a>
                      <button
                        class="button dropdownItem"
                        type="button"
                      >
                        <span
                          class="inner"
                        >
                          <span>
                            Icon
                          </span>
                        </span>
                      </button>
                    </section>
                  </div>
                </div>
              </div>
            </div>
          </div>
        </div>
        <div
          class="paneContent hasPadding"
          id="pane-voucher-content"
          tabindex="-1"
        >
          <div
            class="row"
          >
            <div
              class="col-xs-12 col-md-8 col-md-offset-2"
            >
              VoucherView
            </div>
          </div>
        </div>
      </section>
    </div>
    <div
      class="container"
    >
      <div
        class="cursorHover"
        hidden=""
        style="left: -10px;"
      >
        <div
          class="cursor"
        >
          Â 
        </div>
      </div>
    </div>
  </div>
</DocumentFragment>
`;
