// Jest Snapshot v1, https://goo.gl/fbAQLP

exports[`VoucherExport should render correct structure for voucher export 1`] = `
<DocumentFragment>
  <div>
    <div
      class="paneset"
    >
      <section
        class="pane focusIndicator"
        id="pane-voucher-export"
        style="flex: 0 0 100%;"
      >
        <div
          aria-labelledby="paneHeaderpane-voucher-export-pane-title"
          class="paneHeader"
          data-test-pane-header="true"
          id="paneHeaderpane-voucher-export"
          role="region"
          tabindex="-1"
        >
          <div
            class="paneHeaderButtonsArea first"
          >
            <div
              class="paneMenu"
            >
              <button
                aria-label="stripes-components.closeItem"
                class="iconButton medium paneHeaderCloseIcon PaneHeaderIconButton paneHeaderIconButton"
                data-test-pane-header-dismiss-button="true"
                icon="times"
                type="button"
              >
                <span
                  class="iconButtonInner mediumOffset PaneHeaderIconButton__inner"
                  data-test-pane-header-dismiss-button="true"
                >
                  <span>
                    Icon
                  </span>
                </span>
              </button>
            </div>
          </div>
          <div
            class="paneHeaderCenter"
          >
            <div
              class="paneHeaderCenterInner"
              id="paneHeaderpane-voucher-export-pane-title"
            >
              <h2
                class="paneTitle"
                data-test-pane-header-title="true"
              >
                <span
                  class="paneTitleLabel"
                >
                  ui-invoice.voucherExport.paneTitle
                </span>
              </h2>
            </div>
          </div>
        </div>
        <div
          class="paneContent hasPadding"
          id="pane-voucher-export-content"
          tabindex="-1"
        />
      </section>
    </div>
    <div
      class="container"
    >
      <div
        class="cursorHover"
        hidden=""
        style="left: -10px;"
      >
        <div
          class="cursor"
        >
          Â 
        </div>
      </div>
    </div>
  </div>
</DocumentFragment>
`;
